LocID,PerilID,CoverageTypeID,AreaPerilID,VulnerabilityID
1,1,1,1,1
1,1,2,2,2
1,1,3,3,3
1,1,4,4,4
2,1,1,5,5
2,1,2,6,6
2,1,3,7,7
2,1,4,8,8
