ReinsNumber,PortNumber,AccNumber,PolNumber,LocGroup,LocNumber,CedantName,ProducerName,LOB,CountryCode,ReinsTag,CededPercent,RiskLevel
16,OEDTest,QS05_08,,,QS05_08_1,,,,,,,
16,OEDTest,QS05_08,,,QS05_08_2,,,,,,,
16,OEDTest,QS05_09,,,,,,,,,,
