event_id,output_id,loss
1,1,995.0
1,2,497.5
1,3,497.5
1,4,995.0
1,5,497.5
1,6,497.5
1,7,995.0
1,8,497.5
1,9,497.5
1,10,995.0
1,11,497.5
1,12,497.5
