ReinsNumber,ReinsPeril,ReinsCurrency,CededPercent,RiskLimit,RiskAttachment,OccLimit,OccAttachment,PlacedPercent,InuringPriority,ReinsType,ReinsName
1,OO1,CAD,1.0000,2500.00,500.00,,.00,1.0000,1,FAC,
2,OO1,CAD,1.0000,100000000.00,,,.00,.6000,1,FAC,
3,OO1,CAD,1.0000,7000.00,3000.00,.00,.00,1.0000,2,FAC,
4,OO1,CAD,1.0000,15000.00,10000.00,30000.00,.00,1.0000,3,PR,
5,OO1,CAD,1.0000,10000.00,25000.00,20000.00,.00,1.0000,4,PR,
