{
    "1": {
        "inuring_priority": 1,
        "risk_level": "ACC",
        "directory": "/home/joh/OasisLMF/validation/examples/CX32_107/run/RI_1"
    }
}