{
    "1": {
        "inuring_priority": 1,
        "risk_level": "SEL",
        "directory": "/home/joh/dev/OasisLMF_ri_scope/validation/reinsurance3/run/RI_1"
    }
}