PortNumber,AccNumber,PolNumber,PolPerilsCovered,AccCurrency,LayerNumber,LayerParticipation,LayerLimit,LayerAttachment,PolPeril,PolDed6All,PolMinDed6All,PolMaxDed6All,PolLimit6All,CondPeril,CondNumber,CondMinDed6All,CondLimit6All
OEDTest,PR17_05,PR17_05_1,OO1,CAD,1,1.00,.00,.00,OO1,.00,.00,.00,.00,,,,
OEDTest,PR17_06,PR17_06_1,OO1,CAD,1,.20,.00,.00,OO1,.00,.00,.00,.00,,,,
OEDTest,SS01_04,SS01_04_1,OO1,CAD,1,1.00,.00,.00,OO1,.00,.00,.00,.00,,,,
