loc_id,portnumber,accnumber,locnumber,loc_idx,peril_id,coverage_type_id,tiv,coverage_id,item_id,layer_id,agg_id
1,1,1,1,0,1,1,1000000.0,1,1,1,1
1,1,1,1,0,1,2,100000.0,2,2,1,2
1,1,1,1,0,1,3,50000.0,3,3,1,3
1,1,1,1,0,1,4,20000.0,4,4,1,4
