from_agg_id,level_id,to_agg_id
1,1,1
2,1,2
3,1,3
4,1,4
1,2,1
2,2,1
3,2,1
4,2,2
1,3,1
2,3,1
