event_id,output_id,loss
1,1,74250000.0
1,2,11880000.0
1,3,12870000.0
1,4,74250000.0
1,5,11880000.0
1,6,12870000.0
1,7,74250000.0
1,8,11880000.0
1,9,12870000.0
1,10,74250000.0
1,11,11880000.0
1,12,12870000.0
