acc_idx,accnumber,agg_id,coverage_id,coverage_type_id,layer_id,loc_id,loc_idx,locnumber,peril_id,polnumber,portnumber,tiv,output_id
12,A2_T1,1,1,1,1,1,11,A2,1,A2_T1,FloodGeneral_T1,10000000.0,1
12,A2_T1,2,2,2,1,1,11,A2,1,A2_T1,FloodGeneral_T1,15000000.0,2
12,A2_T1,3,3,3,1,1,11,A2,1,A2_T1,FloodGeneral_T1,20000000.0,3
12,A2_T1,4,4,4,1,1,11,A2,1,A2_T1,FloodGeneral_T1,25000000.0,4
13,A3_T1,5,5,1,1,2,12,A3,1,A3_T1,FloodGeneral_T1,10000000.0,5
13,A3_T1,6,6,2,1,2,12,A3,1,A3_T1,FloodGeneral_T1,15000000.0,6
13,A3_T1,7,7,3,1,2,12,A3,1,A3_T1,FloodGeneral_T1,20000000.0,7
13,A3_T1,8,8,4,1,2,12,A3,1,A3_T1,FloodGeneral_T1,25000000.0,8
15,A4_T1,9,9,1,1,3,13,A4,1,A4_T1,FloodGeneral_T1,10000000.0,9
15,A4_T1,10,10,2,1,3,13,A4,1,A4_T1,FloodGeneral_T1,15000000.0,10
15,A4_T1,11,11,3,1,3,13,A4,1,A4_T1,FloodGeneral_T1,20000000.0,11
15,A4_T1,12,12,4,1,3,13,A4,1,A4_T1,FloodGeneral_T1,25000000.0,12
16,A5_T1,13,13,1,1,4,14,A5,1,A5_T1,FloodGeneral_T1,10000000.0,13
16,A5_T1,14,14,2,1,4,14,A5,1,A5_T1,FloodGeneral_T1,15000000.0,14
16,A5_T1,15,15,3,1,4,14,A5,1,A5_T1,FloodGeneral_T1,20000000.0,15
16,A5_T1,16,16,4,1,4,14,A5,1,A5_T1,FloodGeneral_T1,25000000.0,16
18,A7_T1,17,17,1,1,5,15,A7,1,A7_T1,FloodGeneral_T1,10000000.0,17
18,A7_T1,18,18,2,1,5,15,A7,1,A7_T1,FloodGeneral_T1,15000000.0,18
18,A7_T1,19,19,3,1,5,15,A7,1,A7_T1,FloodGeneral_T1,20000000.0,19
18,A7_T1,20,20,4,1,5,15,A7,1,A7_T1,FloodGeneral_T1,25000000.0,20
20,A9_T1,21,21,1,1,6,16,A9,1,A9_T1,FloodGeneral_T1,10000000.0,21
20,A9_T1,22,22,2,1,6,16,A9,1,A9_T1,FloodGeneral_T1,15000000.0,22
20,A9_T1,23,23,3,1,6,16,A9,1,A9_T1,FloodGeneral_T1,20000000.0,23
20,A9_T1,24,24,4,1,6,16,A9,1,A9_T1,FloodGeneral_T1,25000000.0,24
5,B10_T1,25,25,1,1,7,5,B10,1,B10_T1,FloodGeneral_T1,10000000.0,25
5,B10_T1,26,26,2,1,7,5,B10,1,B10_T1,FloodGeneral_T1,15000000.0,26
5,B10_T1,27,27,3,1,7,5,B10,1,B10_T1,FloodGeneral_T1,20000000.0,27
5,B10_T1,28,28,4,1,7,5,B10,1,B10_T1,FloodGeneral_T1,25000000.0,28
7,B11_T1,29,29,1,1,8,6,B11,1,B11_T1,FloodGeneral_T1,10000000.0,29
7,B11_T1,30,30,2,1,8,6,B11,1,B11_T1,FloodGeneral_T1,15000000.0,30
7,B11_T1,31,31,3,1,8,6,B11,1,B11_T1,FloodGeneral_T1,20000000.0,31
7,B11_T1,32,32,4,1,8,6,B11,1,B11_T1,FloodGeneral_T1,25000000.0,32
8,B12_T1,33,33,1,1,9,7,B12,1,B12_T1,FloodGeneral_T1,10000000.0,33
8,B12_T1,34,34,2,1,9,7,B12,1,B12_T1,FloodGeneral_T1,15000000.0,34
8,B12_T1,35,35,3,1,9,7,B12,1,B12_T1,FloodGeneral_T1,20000000.0,35
8,B12_T1,36,36,4,1,9,7,B12,1,B12_T1,FloodGeneral_T1,25000000.0,36
0,B5_T1,37,37,1,1,10,0,B5,1,B5_T1,FloodGeneral_T1,10000000.0,37
0,B5_T1,38,38,2,1,10,0,B5,1,B5_T1,FloodGeneral_T1,15000000.0,38
0,B5_T1,39,39,3,1,10,0,B5,1,B5_T1,FloodGeneral_T1,20000000.0,39
0,B5_T1,40,40,4,1,10,0,B5,1,B5_T1,FloodGeneral_T1,25000000.0,40
1,B6_T1,41,41,1,1,11,1,B6,1,B6_T1,FloodGeneral_T1,10000000.0,41
1,B6_T1,42,42,2,1,11,1,B6,1,B6_T1,FloodGeneral_T1,15000000.0,42
1,B6_T1,43,43,3,1,11,1,B6,1,B6_T1,FloodGeneral_T1,20000000.0,43
1,B6_T1,44,44,4,1,11,1,B6,1,B6_T1,FloodGeneral_T1,25000000.0,44
2,B7_T1,45,45,1,1,12,2,B7,1,B7_T1,FloodGeneral_T1,10000000.0,45
2,B7_T1,46,46,2,1,12,2,B7,1,B7_T1,FloodGeneral_T1,15000000.0,46
2,B7_T1,47,47,3,1,12,2,B7,1,B7_T1,FloodGeneral_T1,20000000.0,47
2,B7_T1,48,48,4,1,12,2,B7,1,B7_T1,FloodGeneral_T1,25000000.0,48
3,B8_T1,49,49,1,1,13,3,B8,1,B8_T1,FloodGeneral_T1,10000000.0,49
3,B8_T1,50,50,2,1,13,3,B8,1,B8_T1,FloodGeneral_T1,15000000.0,50
3,B8_T1,51,51,3,1,13,3,B8,1,B8_T1,FloodGeneral_T1,20000000.0,51
3,B8_T1,52,52,4,1,13,3,B8,1,B8_T1,FloodGeneral_T1,25000000.0,52
4,B9_T1,53,53,1,1,14,4,B9,1,B9_T1,FloodGeneral_T1,10000000.0,53
4,B9_T1,54,54,2,1,14,4,B9,1,B9_T1,FloodGeneral_T1,15000000.0,54
4,B9_T1,55,55,3,1,14,4,B9,1,B9_T1,FloodGeneral_T1,20000000.0,55
4,B9_T1,56,56,4,1,14,4,B9,1,B9_T1,FloodGeneral_T1,25000000.0,56
9,C1_T1,57,57,1,1,15,8,C1,1,C1_T1,FloodGeneral_T1,10000000.0,57
9,C1_T1,58,58,2,1,15,8,C1,1,C1_T1,FloodGeneral_T1,15000000.0,58
9,C1_T1,59,59,3,1,15,8,C1,1,C1_T1,FloodGeneral_T1,20000000.0,59
9,C1_T1,60,60,4,1,15,8,C1,1,C1_T1,FloodGeneral_T1,25000000.0,60
10,C2_T1,61,61,1,1,16,9,C2,1,C2_T1,FloodGeneral_T1,10000000.0,61
10,C2_T1,62,62,2,1,16,9,C2,1,C2_T1,FloodGeneral_T1,15000000.0,62
10,C2_T1,63,63,3,1,16,9,C2,1,C2_T1,FloodGeneral_T1,20000000.0,63
10,C2_T1,64,64,4,1,16,9,C2,1,C2_T1,FloodGeneral_T1,25000000.0,64
11,C3_T1,65,65,1,1,17,10,C3,1,C3_T1,FloodGeneral_T1,10000000.0,65
11,C3_T1,66,66,2,1,17,10,C3,1,C3_T1,FloodGeneral_T1,15000000.0,66
11,C3_T1,67,67,3,1,17,10,C3,1,C3_T1,FloodGeneral_T1,20000000.0,67
11,C3_T1,68,68,4,1,17,10,C3,1,C3_T1,FloodGeneral_T1,25000000.0,68
22,D3_T1,69,69,1,1,18,17,D3,1,D3_T1,FloodGeneral_T1,10000000.0,69
22,D3_T1,70,70,2,1,18,17,D3,1,D3_T1,FloodGeneral_T1,15000000.0,70
22,D3_T1,71,71,3,1,18,17,D3,1,D3_T1,FloodGeneral_T1,20000000.0,71
22,D3_T1,72,72,4,1,18,17,D3,1,D3_T1,FloodGeneral_T1,25000000.0,72
