policytc_id,calcrule_id,deductible1,deductible2,deductible3,attachment1,limit1,share1,share2,share3
1,12,0.0,0.0,0.0,0.0,0.0,0.0,0.0,0.0
2,14,0.0,0.0,0.0,0.0,100.0,0.0,0.0,0.0
3,2,0.0,0.0,0.0,0.0,10000.0,1.0,0.0,0.0
