{
    "1": {
        "inuring_priority": 1,
        "risk_level": "SEL",
        "directory": "/home/joh/OasisLMF/validation/examples/CX34_116/run/RI_1"
    }
}