event_id,item_id,loss,loss_factor_idx
1,1,500000.0,0
1,1,1000000.0,1
1,2,50000.0,0
1,2,100000.0,1
1,3,25000.0,0
1,3,50000.0,1
1,4,10000.0,0
1,4,20000.0,1
1,5,850000.0,0
1,5,1700000.0,1
1,6,15000.0,0
1,6,30000.0,1
1,7,500000.0,0
1,7,1000000.0,1
1,8,25000.0,0
1,8,50000.0,1
