event_id,output_id,loss
1,1,74250008.0
1,2,11880000.0
1,3,12870001.0
1,4,74250008.0
1,5,11880000.0
1,6,12870001.0
1,7,73674664.0
1,8,11787946.0
1,9,12770274.0
1,10,37125004.0
1,11,5940000.0
1,12,6435000.5
1,13,36650340.0
1,14,5864054.0
1,15,6352725.5
