{
    "1": {
        "inuring_priority": 1,
        "risk_level": "POL",
        "directory": "/home/joh/OasisLMF/validation/examples/QS07_21/run/RI_1"
    }
}