ReinsNumber,ReinsPeril,ReinsCurrency,CededPercent,RiskLimit,RiskAttachment,OccLimit,OccAttachment,PlacedPercent,InuringPriority,ReinsType,ReinsName
149,OO1,CAD,1,1000000,1000000,0,0,0.2,1,FAC,T45 FA Acc
