layer_id,level_id,agg_id,profile_id
1,3,1,3
1,2,1,2
1,2,2,1
1,2,3,2
1,2,4,1
1,2,5,1
1,2,6,1
1,1,1,2
1,1,2,1
1,1,3,2
1,1,4,1
1,1,5,1
1,1,6,1
2,3,1,2
2,2,1,1
2,2,2,1
2,2,3,1
2,2,4,4
2,2,5,1
2,2,6,4
2,1,1,2
2,1,2,2
2,1,3,2
2,1,4,2
2,1,5,2
2,1,6,2
