layer_id,level_id,agg_id,profile_id
1,3,1,2
1,2,1,1
1,2,2,1
1,2,3,3
1,2,4,1
1,2,5,3
1,1,1,2
1,1,2,2
1,1,3,2
1,1,4,2
1,1,5,2
2,3,1,5
2,2,1,1
2,2,2,1
2,2,3,4
2,2,4,1
2,2,5,4
2,1,1,1
2,1,2,1
2,1,3,2
2,1,4,1
2,1,5,2
3,3,1,7
3,2,1,1
3,2,2,1
3,2,3,6
3,2,4,1
3,2,5,6
3,1,1,1
3,1,2,1
3,1,3,2
3,1,4,1
3,1,5,2
