portnumber,accnumber,locnumber,loss_gul,loss_il,loss_ri
OEDTest,SS01_04,SS01_04_1,100000000.0,99000009.0,99000009.0
OEDTest,SS01_04,SS01_04_2,100000000.0,99000009.0,99000009.0
OEDTest,xx45_01,xx45_01_1,100000000.0,99000000.0,98232884.0
OEDTest,xx45_02,xx45_02_1,100000000.0,49500004.5,49500004.5
OEDTest,xx45_02,xx45_02_2,100000000.0,49500004.5,48867119.5
