ReinsNumber,PortNumber,AccNumber,PolNumber,LocGroup,LocNumber,CedantName,ProducerName,LOB,CountryCode,ReinsTag,CededPercent,RiskLevel
37,OEDTest,QS11_08,,,QS11_08_1,,,,,,,
37,OEDTest,QS11_08,,,QS11_08_2,,,,,,,
37,OEDTest,QS11_09,,,,,,,,,,
