event_id,item_id,loss
1,1,2640200.0
1,2,429800.0
1,3,88090896.0
1,4,14340379.0
1,5,1000000.0
1,6,266600.0
1,7,43400.0
