FM7
===

can. acc.
---------
ROW_ID,AccNumber,PortNumber,PolNumber,PolPeril,CondDed6All,CondLimit6All,CondNumber,PolDed6All,PolMinDed6All,PolMaxDed6All,LayerAttachment,LayerLimit,LayerParticipation
1,1,1,1,WTC;WEC;BFR;OO1,0,0,1,50000,0,0,0,2500000,1

can. loc.
---------
ROW_ID,AccNumber,LocNumber,LocName,AreaCode,CountryCode,LocPeril,BuildingTIV,LocDed1Building,LocLimit1Building,OtherTIV,LocDed2Other,LocLimit2Other,ContentsTIV,LocDed3Contents,LocLimit3Contents,BITIV,LocDed4BI,LocLimit4BI,LocDed5PD,LocLimit5PD,LocDed6All,LocLimit6All,CondTag
1,1,1,Location 1,CA,US,WTC;WEC;BFR;OO1,1000000,10000,0,100000,5000,0,50000,5000,0,20000,0,0,0,0,0,0,1
2,1,2,Location 2,CA,US,WTC;WEC;BFR;OO1,1700000,10000,0,30000,5000,0,1000000,5000,0,50000,0,0,0,0,0,0,1

keys
----
LocID,PerilID,CoverageTypeID,AreaPerilID,VulnerabilityID
1,1,1,1,1
1,1,2,1,1
1,1,3,1,1
1,1,4,1,1
2,1,1,2,2
2,1,2,2,2
2,1,3,2,2
2,1,4,2,2

items.csv
---------
item_id,coverage_id,areaperil_id,vulnerability_id,group_id
1,1,1,1,1
2,2,1,1,1
3,3,1,1,1
4,4,1,1,1
5,5,2,2,2
6,6,2,2,2
7,7,2,2,2
8,8,2,2,2

coverages.csv
-------------
coverage_id,tiv
1,1000000.0
2,100000.0
3,50000.0
4,20000.0
5,1700000.0
6,30000.0
7,1000000.0
8,50000.0

gulsummaryxref.csv
------------------
coverage_id,summary_id,summaryset_id
1,1,1
2,1,1
3,1,1
4,1,1
5,1,1
6,1,1
7,1,1
8,1,1

fm_programme.csv
----------------
from_agg_id,level_id,to_agg_id
1,1,1
2,1,2
3,1,3
4,1,4
5,1,5
6,1,6
7,1,7
8,1,8
1,2,1
2,2,1
3,2,1
4,2,1
5,2,1
6,2,1
7,2,1
8,2,1
1,3,1

fm_profile.csv (via test case)
------------------------------
policytc_id,calcrule_id,deductible1,deductible2,deductible3,attachment1,limit1,share1,share2,share3
1,12,10000.0,0.0,0.0,0.0,0.0,0.0,0,0
2,12,5000.0,0.0,0.0,0.0,0.0,0.0,0,0
3,12,0.0,0.0,0.0,0.0,0.0,0.0,0,0
4,12,50000.0,0.0,0.0,0.0,0.0,0.0,0,0
5,2,0.0,0.0,0.0,0.0,2500000.0,1.0,0,0

fm_policytc.csv (via test case)
-------------------------------
layer_id,level_id,agg_id,policytc_id
1,1,1,1
1,1,2,2
1,1,3,2
1,1,4,3
1,1,5,1
1,1,6,2
1,1,7,2
1,1,8,3
1,2,1,4
1,3,1,5

fm_xref.csv
-----------
output,agg_id,layer_id
1,1,1
2,2,1
3,3,1
4,4,1
5,5,1
6,6,1
7,7,1
8,8,1

fmsummaryxref.csv
-----------------
output,summary_id,summaryset_id
1,1,1
2,1,1
3,1,1
4,1,1
5,1,1
6,1,1
7,1,1
8,1,1

losses (loss factor = 1.0)
--------------------------

Ground-up losses
+----+------------+-----------+------------+
|    |   event_id |   item_id |       loss |
|----+------------+-----------+------------|
|  0 |          1 |         1 | 1000000.00 |
|  1 |          1 |         2 |  100000.00 |
|  2 |          1 |         3 |   50000.00 |
|  3 |          1 |         4 |   20000.00 |
|  4 |          1 |         5 | 1700000.00 |
|  5 |          1 |         6 |   30000.00 |
|  6 |          1 |         7 | 1000000.00 |
|  7 |          1 |         8 |   50000.00 |
+----+------------+-----------+------------+

Insured losses
+----+------------+-------------+------------+
|    |   event_id |   output_id |       loss |
|----+------------+-------------+------------|
|  0 |          1 |           1 |  632992.31 |
|  1 |          1 |           2 |   60741.68 |
|  2 |          1 |           3 |   28772.38 |
|  3 |          1 |           4 |   12787.72 |
|  4 |          1 |           5 | 1080562.62 |
|  5 |          1 |           6 |   15984.65 |
|  6 |          1 |           7 |  636189.31 |
|  7 |          1 |           8 |   31969.31 |
+----+------------+-------------+------------+
