portnumber,accnumber,locnumber,loss_gul,loss_il,loss_ri
OEDTest,CX36_08,CX36_08_1,100000000.0,99000000.0,98900000.0
OEDTest,CX36_08,CX36_08_2,100000000.0,99000000.0,98900000.0
OEDTest,CX36_08,CX36_08_3,100000000.0,99000000.0,99000000.0
OEDTest,CX36_08,CX36_08_4,100000000.0,99000000.0,99000000.0
OEDTest,CX36_09,CX36_09_1,100000000.0,49500000.0,49450000.0
OEDTest,CX36_09,CX36_09_2,100000000.0,49500000.0,49450000.0
OEDTest,SS01_04,SS01_04_1,100000000.0,99000000.0,99000000.0
OEDTest,SS01_04,SS01_04_2,100000000.0,99000000.0,99000000.0
