{
    "total": {
        "modelled": {
            "tiv": 326400000.0,
            "number_of_locations": 192
        },
        "not-modelled": {
            "tiv": 0.0,
            "number_of_locations": 0
        },
        "portfolio": {
            "tiv": 326400000.0,
            "number_of_locations": 192
        }
    },
    "1": {
        "all": {
            "tiv": 326400000.0,
            "tiv_by_coverage": {
                "buildings": 326400000.0,
                "other": 0.0,
                "contents": 0.0,
                "bi": 0.0
            },
            "number_of_locations": 192,
            "number_of_locations_by_coverage": {
                "buildings": 192,
                "other": 192,
                "contents": 192,
                "bi": 192
            }
        },
        "success": {
            "tiv": 326400000.0,
            "tiv_by_coverage": {
                "buildings": 326400000.0,
                "other": 0.0,
                "contents": 0.0,
                "bi": 0.0
            },
            "number_of_locations": 192,
            "number_of_locations_by_coverage": {
                "buildings": 192,
                "other": 192,
                "contents": 192,
                "bi": 192
            }
        },
        "fail": {
            "tiv": 0.0,
            "tiv_by_coverage": {
                "buildings": 0.0,
                "other": 0.0,
                "contents": 0.0,
                "bi": 0.0
            },
            "number_of_locations": 0,
            "number_of_locations_by_coverage": {
                "buildings": 0,
                "other": 0,
                "contents": 0,
                "bi": 0
            }
        },
        "nomatch": {
            "tiv": 0.0,
            "tiv_by_coverage": {
                "buildings": 0.0,
                "other": 0.0,
                "contents": 0.0,
                "bi": 0.0
            },
            "number_of_locations": 0,
            "number_of_locations_by_coverage": {
                "buildings": 0,
                "other": 0,
                "contents": 0,
                "bi": 0
            }
        },
        "fail_ap": {
            "tiv": 0.0,
            "tiv_by_coverage": {
                "buildings": 0.0,
                "other": 0.0,
                "contents": 0.0,
                "bi": 0.0
            },
            "number_of_locations": 0,
            "number_of_locations_by_coverage": {
                "buildings": 0,
                "other": 0,
                "contents": 0,
                "bi": 0
            }
        },
        "fail_v": {
            "tiv": 0.0,
            "tiv_by_coverage": {
                "buildings": 0.0,
                "other": 0.0,
                "contents": 0.0,
                "bi": 0.0
            },
            "number_of_locations": 0,
            "number_of_locations_by_coverage": {
                "buildings": 0,
                "other": 0,
                "contents": 0,
                "bi": 0
            }
        },
        "notatrisk": {
            "tiv": 0.0,
            "tiv_by_coverage": {
                "buildings": 0.0,
                "other": 0.0,
                "contents": 0.0,
                "bi": 0.0
            },
            "number_of_locations": 0,
            "number_of_locations_by_coverage": {
                "buildings": 0,
                "other": 0,
                "contents": 0,
                "bi": 0
            }
        },
        "noreturn": {
            "tiv": 0.0,
            "tiv_by_coverage": {
                "buildings": 0.0,
                "other": 0.0,
                "contents": 0.0,
                "bi": 0.0
            },
            "number_of_locations": 0,
            "number_of_locations_by_coverage": {
                "buildings": 0,
                "other": 0,
                "contents": 0,
                "bi": 0
            }
        }
    }
}