coverage_id,tiv
1,75000000.0
2,75000000.0
3,75000000.0
4,75000000.0
5,75000000.0
