policytc_id,calcrule_id,deductible1,deductible2,deductible3,attachment1,limit1,share1,share2,share3
1,12,10000.0,0.0,0.0,0.0,0.0,0.0,0.0,0.0
2,16,0.05,0.0,0.0,0.0,0.0,0.0,0.0,0.0
3,12,15000.0,0.0,0.0,0.0,0.0,0.0,0.0,0.0
4,12,200000.0,0.0,0.0,0.0,0.0,0.0,0.0,0.0
5,12,50000.0,0.0,0.0,0.0,0.0,0.0,0.0,0.0
6,2,0.0,0.0,0.0,0.0,1500000.0,0.1,0.0,0.0
7,2,0.0,0.0,0.0,1500000.0,3500000.0,0.5,0.0,0.0
