output,agg_id,layer_id
1,1,4
2,2,4
3,3,4
4,4,4
5,5,4
6,6,4
7,7,4
