event_id,output_id,loss
1,1,59900000.0
1,2,9584000.0
1,3,10382667.0
1,4,37125004.0
1,5,5940000.0
1,6,6435000.5
1,7,29950004.0
1,8,4792000.0
1,9,5191334.0
1,10,74250008.0
1,11,11880000.0
1,12,12870001.0
1,13,74250008.0
1,14,11880000.0
1,15,12870001.0
