ReinsNumber,PortNumber,AccNumber,PolNumber,LocGroup,LocNumber,CedantName,ProducerName,LOB,CountryCode,ReinsTag,CededPercent,RiskLevel
149,OEDTest,xx45_01,,,xx45_01_1,,,,,,,LOC
149,OEDTest,xx45_02,,,xx45_02_2,,,,,,,LOC
152,OEDTest,xx45_01,,,xx45_01_1,,,,,,,LOC
152,OEDTest,xx45_02,,,xx45_02_2,,,,,,,LOC
155,OEDTest,xx45_01,,,xx45_01_1,,,,,,,LOC
155,OEDTest,xx45_02,,,xx45_02_2,,,,,,,LOC
158,OEDTest,xx45_01,,,xx45_01_1,,,,,,,LOC
158,OEDTest,xx45_02,,,xx45_02_2,,,,,,,LOC
161,OEDTest,xx45_01,,,xx45_01_1,,,,,,,LOC
161,OEDTest,xx45_02,,,xx45_02_2,,,,,,,LOC
